*----------------------------------------------------------------------------------------
*	Innovus 15.23-s045_1 (64bit) 04/22/2016 12:32 (Linux 2.6.18-194.el5)
*	
*
* 	Date & Time:	2025-Mar-22 19:22:38 (2025-Mar-23 02:22:38 GMT)
*
*----------------------------------------------------------------------------------------
*
*	Design: fullchip
*
*	Liberty Libraries used: 
*	        WC_VIEW: /home/linux/ieng6/ee260bwi25/public/PDKdata/lib/tcbn65gpluswc.lib
*	        WC_VIEW: ./subckt/core_WC.lib
*
*	Power Domain used: 
*		Rail:        VDD 	Voltage:        0.9 
*
*       Power View : WC_VIEW
*
*       User-Defined Activity : N.A.
*
*       Activity File: N.A.
*
*       Hierarchical Global Activity: N.A.
*
*       Global Activity: N.A.
*
*       Sequential Element Activity: 0.200000
*
*       Primary Input Activity: 0.200000
*
*       Default icg ratio: N.A.
*
*       Global Comb ClockGate Ratio: N.A.
*
*	Power Units = 1mW
*
*	Time Units = 1e-09 secs 
*
*       report_power -outfile fullchip.post_route.power.rpt
*
-----------------------------------------------------------------------------------------


Total Power 
-----------------------------------------------------------------------------------------
Total Internal Power:        0.14697494 	    1.0177%
Total Switching Power:       3.66563129 	   25.3823%
Total Leakage Power:        10.62906321 	   73.6000%
Total Power:                14.44166943 
-----------------------------------------------------------------------------------------


Group                           Internal   Switching     Leakage       Total  Percentage 
                                Power      Power         Power         Power  (%)        
-----------------------------------------------------------------------------------------
Sequential                             0           0           0           0           0 
Macro                                  0       1.597       10.62       12.22       84.63 
IO                                     0           0           0           0           0 
Combinational                     0.0784       1.906    0.004462       1.989       13.77 
Clock (Combinational)            0.06857      0.1621   0.0004456      0.2311         1.6 
Clock (Sequential)                     0           0           0           0           0 
-----------------------------------------------------------------------------------------
Total                              0.147       3.666       10.63       14.44         100 
-----------------------------------------------------------------------------------------


Rail                  Voltage   Internal   Switching     Leakage       Total  Percentage 
                                Power      Power         Power         Power  (%)        
-----------------------------------------------------------------------------------------
VDD                       0.9      0.147       3.666       10.63       14.44         100 


Clock                           Internal   Switching     Leakage       Total  Percentage 
                                Power      Power         Power         Power  (%)        
-----------------------------------------------------------------------------------------
clk                              0.06857      0.1621   0.0004456      0.2311         1.6 
-----------------------------------------------------------------------------------------
Total (excluding duplicates)     0.06857      0.1621   0.0004456      0.2311         1.6 
-----------------------------------------------------------------------------------------


-----------------------------------------------------------------------------------------
*	Power Distribution Summary: 
* 		Highest Average Power:            core_instance1 (core): 	    0.8006 
* 		Highest Leakage Power:   CTS_ccl_BUF_clk_G0_L1_1 (CKBD16): 	 0.0002228 
* 		Total Cap: 	4.10265e-11 F
* 		Total instances in design: 136975
* 		Total instances in design with no power:     0
*          Total instances in design with no activity:     0
* 		Total Fillers and Decap: 136706
-----------------------------------------------------------------------------------------

