###############################################################
#  Generated by:      Cadence Innovus 15.23-s045_1
#  OS:                Linux x86_64(Host ID ieng6-ece-20.ucsd.edu)
#  Generated on:      Sat Mar 22 19:22:38 2025
#  Design:            fullchip
#  Command:           report_timing -max_paths 5 > ${design}.post_route.timing.rpt
###############################################################
Path 1: MET Setup Check with Pin core_instance2/clk 
Endpoint:   core_instance2/reset (v) checked with  leading edge of 'clk'
Beginpoint: reset                (v) triggered by  leading edge of 'clk'
Path Groups: {clk}
Analysis View: WC_VIEW
Other End Arrival Time          0.077
- Setup                         0.828
+ Phase Shift                   1.000
+ CPPR Adjustment               0.000
= Required Time                 0.249
- Arrival Time                  0.207
= Slack Time                    0.042
     Clock Rise Edge                      0.000
     + Input Delay                        0.200
     = Beginpoint Arrival Time            0.200
     +--------------------------------------------------------------+ 
     |    Instance    |   Arc   | Cell | Delay | Arrival | Required | 
     |                |         |      |       |  Time   |   Time   | 
     |----------------+---------+------+-------+---------+----------| 
     |                | reset v |      |       |   0.200 |    0.242 | 
     | core_instance2 | reset v | core | 0.007 |   0.207 |    0.249 | 
     +--------------------------------------------------------------+ 
Path 2: MET Setup Check with Pin core_instance1/clk 
Endpoint:   core_instance1/reset (v) checked with  leading edge of 'clk'
Beginpoint: reset                (v) triggered by  leading edge of 'clk'
Path Groups: {clk}
Analysis View: WC_VIEW
Other End Arrival Time          0.079
- Setup                         0.827
+ Phase Shift                   1.000
+ CPPR Adjustment               0.000
= Required Time                 0.252
- Arrival Time                  0.207
= Slack Time                    0.045
     Clock Rise Edge                      0.000
     + Input Delay                        0.200
     = Beginpoint Arrival Time            0.200
     +--------------------------------------------------------------+ 
     |    Instance    |   Arc   | Cell | Delay | Arrival | Required | 
     |                |         |      |       |  Time   |   Time   | 
     |----------------+---------+------+-------+---------+----------| 
     |                | reset v |      |       |   0.200 |    0.245 | 
     | core_instance1 | reset v | core | 0.007 |   0.207 |    0.252 | 
     +--------------------------------------------------------------+ 
Path 3: MET Setup Check with Pin core_instance2/clk 
Endpoint:   core_instance2/inst[6] (^) checked with  leading edge of 'clk'
Beginpoint: inst2[6]               (^) triggered by  leading edge of 'clk'
Path Groups: {clk}
Analysis View: WC_VIEW
Other End Arrival Time          0.077
- Setup                         0.567
+ Phase Shift                   1.000
+ CPPR Adjustment               0.000
= Required Time                 0.510
- Arrival Time                  0.252
= Slack Time                    0.258
     Clock Rise Edge                      0.000
     + Input Delay                        0.200
     = Beginpoint Arrival Time            0.200
     +-----------------------------------------------------------------+ 
     |    Instance    |    Arc     | Cell | Delay | Arrival | Required | 
     |                |            |      |       |  Time   |   Time   | 
     |----------------+------------+------+-------+---------+----------| 
     |                | inst2[6] ^ |      |       |   0.200 |    0.458 | 
     | core_instance2 | inst[6] ^  | core | 0.052 |   0.252 |    0.510 | 
     +-----------------------------------------------------------------+ 
Path 4: MET Setup Check with Pin core_instance1/clk 
Endpoint:   core_instance1/inst[6] (^) checked with  leading edge of 'clk'
Beginpoint: inst1[6]               (^) triggered by  leading edge of 'clk'
Path Groups: {clk}
Analysis View: WC_VIEW
Other End Arrival Time          0.079
- Setup                         0.563
+ Phase Shift                   1.000
+ CPPR Adjustment               0.000
= Required Time                 0.516
- Arrival Time                  0.241
= Slack Time                    0.275
     Clock Rise Edge                      0.000
     + Input Delay                        0.200
     = Beginpoint Arrival Time            0.200
     +-----------------------------------------------------------------+ 
     |    Instance    |    Arc     | Cell | Delay | Arrival | Required | 
     |                |            |      |       |  Time   |   Time   | 
     |----------------+------------+------+-------+---------+----------| 
     |                | inst1[6] ^ |      |       |   0.200 |    0.475 | 
     | core_instance1 | inst[6] ^  | core | 0.041 |   0.241 |    0.516 | 
     +-----------------------------------------------------------------+ 
Path 5: MET Setup Check with Pin core_instance2/clk 
Endpoint:   core_instance2/inst[16] (^) checked with  leading edge of 'clk'
Beginpoint: inst2[16]               (^) triggered by  leading edge of 'clk'
Path Groups: {clk}
Analysis View: WC_VIEW
Other End Arrival Time          0.077
- Setup                         0.082
+ Phase Shift                   1.000
+ CPPR Adjustment               0.000
= Required Time                 0.995
- Arrival Time                  0.290
= Slack Time                    0.705
     Clock Rise Edge                      0.000
     + Input Delay                        0.200
     = Beginpoint Arrival Time            0.200
     +------------------------------------------------------------------+ 
     |    Instance    |     Arc     | Cell | Delay | Arrival | Required | 
     |                |             |      |       |  Time   |   Time   | 
     |----------------+-------------+------+-------+---------+----------| 
     |                | inst2[16] ^ |      |       |   0.200 |    0.905 | 
     | core_instance2 | inst[16] ^  | core | 0.090 |   0.290 |    0.995 | 
     +------------------------------------------------------------------+ 

